../Core/Src/main.c:53:13:DS3231_ClearCH	32	static
../Core/Src/main.c:62:13:DS3231_SetTime	48	static
../Core/Src/main.c:76:13:DS3231_ReadTime	48	static
../Core/Src/main.c:95:10:read_adc_channel	40	static
../Core/Src/main.c:110:9:read_moisture_percent	24	static
../Core/Src/main.c:118:9:read_light_percent	24	static
../Core/Src/main.c:127:6:read_aht10	40	static
../Core/Src/main.c:143:5:main	192	static
../Core/Src/main.c:189:6:SystemClock_Config	88	static
../Core/Src/main.c:236:13:MX_ADC1_Init	24	static
../Core/Src/main.c:288:13:MX_I2C2_Init	8	static
../Core/Src/main.c:322:13:MX_USART2_UART_Init	8	static
../Core/Src/main.c:349:13:MX_USART1_UART_Init	8	static
../Core/Src/main.c:374:13:MX_GPIO_Init	48	static
../Core/Src/main.c:429:6:Error_Handler	4	static,ignoring_inline_asm
